INFO    : PreTeXt-CLI version: 2.4.1

INFO    : PreTeXt project found in `/Users/alex.jordan/orcca`.
WARNING : Project's CLI version could not be detected from `requirements.txt`.
WARNING : Try `pretext init --refresh` to produce a compatible file.
INFO    : Since no target was supplied, we will use "html".

INFO    : string parameters passed to extraction stylesheet: {'publisher': '/Users/alex.jordan/orcca/publication/publication.xml'}
INFO    : discovering source file's directory name: /Users/alex.jordan/orcca/src
INFO    : verifying and expanding input directory: /Users/alex.jordan/orcca/src/../generated-assets
INFO    : input directory expanded to absolute path: /Users/alex.jordan/orcca/generated-assets
INFO    : verifying and expanding input directory: /Users/alex.jordan/orcca/src/../assets
INFO    : input directory expanded to absolute path: /Users/alex.jordan/orcca/assets
INFO    : XSL conversion of /Users/alex.jordan/orcca/src/orcca.ptx by /Users/alex.jordan/.ptx/xsl/extract-pg.xsl
INFO    : messages from the log for XSL processing (indented):
INFO    :     * PTX:ERROR:   a cross-reference ("xref") uses references [section-standard-form] that do not point to any target, or perhaps point to multiple targets.  Maybe you typed an @xml:id value wrong, maybe the target of the @xml:id is nonexistent, or maybe you temporarily removed the target from your source, or maybe an auxiliary file contains a duplicate.  Your output will contain some placeholder text that you will not want to distribute to your readers.
INFO    :     *              located within: "exercise-solve-for-variable-standard-form" (xml:id)
INFO    :     * PTX:ERROR:   a cross-reference ("xref") uses references [section-standard-form] that do not point to any target, or perhaps point to multiple targets.  Maybe you typed an @xml:id value wrong, maybe the target of the @xml:id is nonexistent, or maybe you temporarily removed the target from your source, or maybe an auxiliary file contains a duplicate.  Your output will contain some placeholder text that you will not want to distribute to your readers.
INFO    :     *              located within: "exercise-solve-for-variable-standard-form" (xml:id)
INFO    :     * PTX:ERROR:   a cross-reference ("xref") uses references [section-standard-form] that do not point to any target, or perhaps point to multiple targets.  Maybe you typed an @xml:id value wrong, maybe the target of the @xml:id is nonexistent, or maybe you temporarily removed the target from your source, or maybe an auxiliary file contains a duplicate.  Your output will contain some placeholder text that you will not want to distribute to your readers.
INFO    :     *              located within: "exercise-solve-for-variable-standard-form" (xml:id)
INFO    :     * PTX:ERROR:   a cross-reference ("xref") uses references [section-standard-form] that do not point to any target, or perhaps point to multiple targets.  Maybe you typed an @xml:id value wrong, maybe the target of the @xml:id is nonexistent, or maybe you temporarily removed the target from your source, or maybe an auxiliary file contains a duplicate.  Your output will contain some placeholder text that you will not want to distribute to your readers.
INFO    :     *              located within: "exercise-solve-for-variable-standard-form" (xml:id)
INFO    :     * PTX:ERROR:   a cross-reference ("xref") uses references [section-standard-form] that do not point to any target, or perhaps point to multiple targets.  Maybe you typed an @xml:id value wrong, maybe the target of the @xml:id is nonexistent, or maybe you temporarily removed the target from your source, or maybe an auxiliary file contains a duplicate.  Your output will contain some placeholder text that you will not want to distribute to your readers.
INFO    :     *              located within: "exercise-solve-for-variable-standard-form" (xml:id)
INFO    : successful application of /Users/alex.jordan/.ptx/xsl/extract-pg.xsl
INFO    : validating, cleaning server URL: https://webwork.pcc.edu
INFO    : building representations of PTX-authored WeBWorK problem
INFO    : sending webwork-1 to server to save in /Users/alex.jordan/orcca/generated-assets/webwork/webwork-representations.xml: origin is 'ptx'
INFO    : building representations of PTX-authored WeBWorK problem
INFO    : sending webwork-2 to server to save in /Users/alex.jordan/orcca/generated-assets/webwork/webwork-representations.xml: origin is 'ptx'
INFO    : building representations of PTX-authored WeBWorK problem
INFO    : sending webwork-3 to server to save in /Users/alex.jordan/orcca/generated-assets/webwork/webwork-representations.xml: origin is 'ptx'
INFO    : building representations of PTX-authored WeBWorK problem
INFO    : sending webwork-4 to server to save in /Users/alex.jordan/orcca/generated-assets/webwork/webwork-representations.xml: origin is 'ptx'
INFO    : building representations of PTX-authored WeBWorK problem
INFO    : sending webwork-5 to server to save in /Users/alex.jordan/orcca/generated-assets/webwork/webwork-representations.xml: origin is 'ptx'
