INFO    : PreTeXt-CLI version: 2.4.1

INFO    : PreTeXt project found in `/Users/alex.jordan/orcca`.
WARNING : Project's CLI version could not be detected from `requirements.txt`.
WARNING : Try `pretext init --refresh` to produce a compatible file.
INFO    : Since no target was supplied, we will use "html".

INFO    : converting latex-image pictures from /Users/alex.jordan/orcca/src/orcca.ptx to svg graphics for placement in /Users/alex.jordan/orcca/generated-assets/latex-image
INFO    : extracting latex-image pictures from /Users/alex.jordan/orcca/src/orcca.ptx
INFO    : string parameters passed to extraction stylesheet: {'publisher': '/Users/alex.jordan/orcca/publication/publication.xml'}
INFO    : discovering source file's directory name: /Users/alex.jordan/orcca/src
INFO    : verifying and expanding input directory: /Users/alex.jordan/orcca/src/../generated-assets
INFO    : input directory expanded to absolute path: /Users/alex.jordan/orcca/generated-assets
INFO    : verifying and expanding input directory: /Users/alex.jordan/orcca/src/../assets
INFO    : input directory expanded to absolute path: /Users/alex.jordan/orcca/assets
INFO    : XSL conversion of /Users/alex.jordan/orcca/src/orcca.ptx by /Users/alex.jordan/.ptx/xsl/extract-latex-image.xsl
INFO    : successful application of /Users/alex.jordan/.ptx/xsl/extract-latex-image.xsl
INFO    : converting cartesian-plot-mapping-coordinates-labeled.tex to cartesian-plot-mapping-coordinates-labeled.pdf
INFO    : cropping cartesian-plot-mapping-coordinates-labeled.pdf to cropped-cartesian-plot-mapping-coordinates-labeled.pdf
INFO    : renaming cropped-cartesian-plot-mapping-coordinates-labeled.pdf to cartesian-plot-mapping-coordinates-labeled.pdf
INFO    : converting cartesian-plot-mapping-coordinates-labeled.pdf to cartesian-plot-mapping-coordinates-labeled.svg
INFO    : converting equivalent-fractions-number-line.tex to equivalent-fractions-number-line.pdf
INFO    : cropping equivalent-fractions-number-line.pdf to cropped-equivalent-fractions-number-line.pdf
INFO    : renaming cropped-equivalent-fractions-number-line.pdf to equivalent-fractions-number-line.pdf
INFO    : converting equivalent-fractions-number-line.pdf to equivalent-fractions-number-line.svg
INFO    : converting area-versus-length.tex to area-versus-length.pdf
INFO    : cropping area-versus-length.pdf to cropped-area-versus-length.pdf
INFO    : renaming cropped-area-versus-length.pdf to area-versus-length.pdf
INFO    : converting area-versus-length.pdf to area-versus-length.svg
INFO    : converting check-inequality-solutions-numberline.tex to check-inequality-solutions-numberline.pdf
INFO    : cropping check-inequality-solutions-numberline.pdf to cropped-check-inequality-solutions-numberline.pdf
INFO    : renaming cropped-check-inequality-solutions-numberline.pdf to check-inequality-solutions-numberline.pdf
INFO    : converting check-inequality-solutions-numberline.pdf to check-inequality-solutions-numberline.svg
INFO    : converting points-on-yequals-2x+3.tex to points-on-yequals-2x+3.pdf
INFO    : cropping points-on-yequals-2x+3.pdf to cropped-points-on-yequals-2x+3.pdf
INFO    : renaming cropped-points-on-yequals-2x+3.pdf to points-on-yequals-2x+3.pdf
INFO    : converting points-on-yequals-2x+3.pdf to points-on-yequals-2x+3.svg
INFO    : converting carls-neighborhood-petshop.tex to carls-neighborhood-petshop.pdf
INFO    : cropping carls-neighborhood-petshop.pdf to cropped-carls-neighborhood-petshop.pdf
INFO    : renaming cropped-carls-neighborhood-petshop.pdf to carls-neighborhood-petshop.pdf
INFO    : converting carls-neighborhood-petshop.pdf to carls-neighborhood-petshop.svg
INFO    : converting graph-of-points-for-yequalsxsquared.tex to graph-of-points-for-yequalsxsquared.pdf
INFO    : cropping graph-of-points-for-yequalsxsquared.pdf to cropped-graph-of-points-for-yequalsxsquared.pdf
INFO    : renaming cropped-graph-of-points-for-yequalsxsquared.pdf to graph-of-points-for-yequalsxsquared.pdf
INFO    : converting graph-of-points-for-yequalsxsquared.pdf to graph-of-points-for-yequalsxsquared.svg
INFO    : converting carls-neighborhood-restaurant.tex to carls-neighborhood-restaurant.pdf
INFO    : cropping carls-neighborhood-restaurant.pdf to cropped-carls-neighborhood-restaurant.pdf
INFO    : renaming cropped-carls-neighborhood-restaurant.pdf to carls-neighborhood-restaurant.pdf
INFO    : converting carls-neighborhood-restaurant.pdf to carls-neighborhood-restaurant.svg
INFO    : converting summary-graph-standard-form.tex to summary-graph-standard-form.pdf
INFO    : cropping summary-graph-standard-form.pdf to cropped-summary-graph-standard-form.pdf
INFO    : renaming cropped-summary-graph-standard-form.pdf to summary-graph-standard-form.pdf
INFO    : converting summary-graph-standard-form.pdf to summary-graph-standard-form.svg
INFO    : converting infinite-open-inequality-solution.tex to infinite-open-inequality-solution.pdf
INFO    : cropping infinite-open-inequality-solution.pdf to cropped-infinite-open-inequality-solution.pdf
INFO    : renaming cropped-infinite-open-inequality-solution.pdf to infinite-open-inequality-solution.pdf
INFO    : converting infinite-open-inequality-solution.pdf to infinite-open-inequality-solution.svg
INFO    : converting invasive-cancer-scatterplot.tex to invasive-cancer-scatterplot.pdf
INFO    : cropping invasive-cancer-scatterplot.pdf to cropped-invasive-cancer-scatterplot.pdf
INFO    : renaming cropped-invasive-cancer-scatterplot.pdf to invasive-cancer-scatterplot.pdf
INFO    : converting invasive-cancer-scatterplot.pdf to invasive-cancer-scatterplot.svg
INFO    : converting right-triangle.tex to right-triangle.pdf
INFO    : cropping right-triangle.pdf to cropped-right-triangle.pdf
INFO    : renaming cropped-right-triangle.pdf to right-triangle.pdf
INFO    : converting right-triangle.pdf to right-triangle.svg
INFO    : converting section-isolating-a-linear-variable-6-2-5-2-2.tex to section-isolating-a-linear-variable-6-2-5-2-2.pdf
INFO    : cropping section-isolating-a-linear-variable-6-2-5-2-2.pdf to cropped-section-isolating-a-linear-variable-6-2-5-2-2.pdf
INFO    : renaming cropped-section-isolating-a-linear-variable-6-2-5-2-2.pdf to section-isolating-a-linear-variable-6-2-5-2-2.pdf
INFO    : converting section-isolating-a-linear-variable-6-2-5-2-2.pdf to section-isolating-a-linear-variable-6-2-5-2-2.svg
INFO    : converting closed-infinite-interval.tex to closed-infinite-interval.pdf
INFO    : cropping closed-infinite-interval.pdf to cropped-closed-infinite-interval.pdf
INFO    : renaming cropped-closed-infinite-interval.pdf to closed-infinite-interval.pdf
INFO    : converting closed-infinite-interval.pdf to closed-infinite-interval.svg
INFO    : converting forces-working-together.tex to forces-working-together.pdf
INFO    : cropping forces-working-together.pdf to cropped-forces-working-together.pdf
INFO    : renaming cropped-forces-working-together.pdf to forces-working-together.pdf
INFO    : converting forces-working-together.pdf to forces-working-together.svg
INFO    : converting celsius-on-number-line.tex to celsius-on-number-line.pdf
INFO    : cropping celsius-on-number-line.pdf to cropped-celsius-on-number-line.pdf
INFO    : renaming cropped-celsius-on-number-line.pdf to celsius-on-number-line.pdf
INFO    : converting celsius-on-number-line.pdf to celsius-on-number-line.svg
INFO    : converting measuring-cups.tex to measuring-cups.pdf
INFO    : cropping measuring-cups.pdf to cropped-measuring-cups.pdf
INFO    : renaming cropped-measuring-cups.pdf to measuring-cups.pdf
INFO    : converting measuring-cups.pdf to measuring-cups.svg
INFO    : converting number-line-interval.tex to number-line-interval.pdf
INFO    : cropping number-line-interval.pdf to cropped-number-line-interval.pdf
INFO    : renaming cropped-number-line-interval.pdf to number-line-interval.pdf
INFO    : converting number-line-interval.pdf to number-line-interval.svg
INFO    : converting section-isolating-a-linear-variable-6-2-4-2-2.tex to section-isolating-a-linear-variable-6-2-4-2-2.pdf
INFO    : cropping section-isolating-a-linear-variable-6-2-4-2-2.pdf to cropped-section-isolating-a-linear-variable-6-2-4-2-2.pdf
INFO    : renaming cropped-section-isolating-a-linear-variable-6-2-4-2-2.pdf to section-isolating-a-linear-variable-6-2-4-2-2.pdf
INFO    : converting section-isolating-a-linear-variable-6-2-4-2-2.pdf to section-isolating-a-linear-variable-6-2-4-2-2.svg
INFO    : converting find-slope-of-each-line-2.tex to find-slope-of-each-line-2.pdf
INFO    : cropping find-slope-of-each-line-2.pdf to cropped-find-slope-of-each-line-2.pdf
INFO    : renaming cropped-find-slope-of-each-line-2.pdf to find-slope-of-each-line-2.pdf
INFO    : converting find-slope-of-each-line-2.pdf to find-slope-of-each-line-2.svg
INFO    : converting specific-perpendicular-lines-1.tex to specific-perpendicular-lines-1.pdf
INFO    : cropping specific-perpendicular-lines-1.pdf to cropped-specific-perpendicular-lines-1.pdf
INFO    : renaming cropped-specific-perpendicular-lines-1.pdf to specific-perpendicular-lines-1.pdf
INFO    : converting specific-perpendicular-lines-1.pdf to specific-perpendicular-lines-1.svg
INFO    : converting rectangle-area-commutativity.tex to rectangle-area-commutativity.pdf
INFO    : cropping rectangle-area-commutativity.pdf to cropped-rectangle-area-commutativity.pdf
INFO    : renaming cropped-rectangle-area-commutativity.pdf to rectangle-area-commutativity.pdf
INFO    : converting rectangle-area-commutativity.pdf to rectangle-area-commutativity.svg
INFO    : converting numberline-with-interval.tex to numberline-with-interval.pdf
INFO    : cropping numberline-with-interval.pdf to cropped-numberline-with-interval.pdf
INFO    : renaming cropped-numberline-with-interval.pdf to numberline-with-interval.pdf
INFO    : converting numberline-with-interval.pdf to numberline-with-interval.svg
INFO    : converting summary-graph-vertical.tex to summary-graph-vertical.pdf
INFO    : cropping summary-graph-vertical.pdf to cropped-summary-graph-vertical.pdf
INFO    : renaming cropped-summary-graph-vertical.pdf to summary-graph-vertical.pdf
INFO    : converting summary-graph-vertical.pdf to summary-graph-vertical.svg
INFO    : converting circle-diameter-circumference.tex to circle-diameter-circumference.pdf
INFO    : cropping circle-diameter-circumference.pdf to cropped-circle-diameter-circumference.pdf
INFO    : renaming cropped-circle-diameter-circumference.pdf to circle-diameter-circumference.pdf
INFO    : converting circle-diameter-circumference.pdf to circle-diameter-circumference.svg
INFO    : converting generic-perpendicular-lines-with-slope-triangles-congruent.tex to generic-perpendicular-lines-with-slope-triangles-congruent.pdf
INFO    : cropping generic-perpendicular-lines-with-slope-triangles-congruent.pdf to cropped-generic-perpendicular-lines-with-slope-triangles-congruent.pdf
INFO    : renaming cropped-generic-perpendicular-lines-with-slope-triangles-congruent.pdf to generic-perpendicular-lines-with-slope-triangles-congruent.pdf
INFO    : converting generic-perpendicular-lines-with-slope-triangles-congruent.pdf to generic-perpendicular-lines-with-slope-triangles-congruent.svg
INFO    : converting slope-intercept-yequals-2over3x+10-slope-triangle.tex to slope-intercept-yequals-2over3x+10-slope-triangle.pdf
INFO    : cropping slope-intercept-yequals-2over3x+10-slope-triangle.pdf to cropped-slope-intercept-yequals-2over3x+10-slope-triangle.pdf
INFO    : renaming cropped-slope-intercept-yequals-2over3x+10-slope-triangle.pdf to slope-intercept-yequals-2over3x+10-slope-triangle.pdf
INFO    : converting slope-intercept-yequals-2over3x+10-slope-triangle.pdf to slope-intercept-yequals-2over3x+10-slope-triangle.svg
INFO    : converting prism-volume-one-way.tex to prism-volume-one-way.pdf
INFO    : cropping prism-volume-one-way.pdf to cropped-prism-volume-one-way.pdf
INFO    : renaming cropped-prism-volume-one-way.pdf to prism-volume-one-way.pdf
INFO    : converting prism-volume-one-way.pdf to prism-volume-one-way.svg
INFO    : converting numberline-subtract-2-get-solution.tex to numberline-subtract-2-get-solution.pdf
INFO    : cropping numberline-subtract-2-get-solution.pdf to cropped-numberline-subtract-2-get-solution.pdf
INFO    : renaming cropped-numberline-subtract-2-get-solution.pdf to numberline-subtract-2-get-solution.pdf
INFO    : converting numberline-subtract-2-get-solution.pdf to numberline-subtract-2-get-solution.svg
INFO    : converting generic-perpendicular-lines.tex to generic-perpendicular-lines.pdf
INFO    : cropping generic-perpendicular-lines.pdf to cropped-generic-perpendicular-lines.pdf
INFO    : renaming cropped-generic-perpendicular-lines.pdf to generic-perpendicular-lines.pdf
INFO    : converting generic-perpendicular-lines.pdf to generic-perpendicular-lines.svg
INFO    : converting find-slope-of-each-line-3.tex to find-slope-of-each-line-3.pdf
INFO    : cropping find-slope-of-each-line-3.pdf to cropped-find-slope-of-each-line-3.pdf
INFO    : renaming cropped-find-slope-of-each-line-3.pdf to find-slope-of-each-line-3.pdf
INFO    : converting find-slope-of-each-line-3.pdf to find-slope-of-each-line-3.svg
INFO    : converting numberline-multiply-by-2-get-6.tex to numberline-multiply-by-2-get-6.pdf
INFO    : cropping numberline-multiply-by-2-get-6.pdf to cropped-numberline-multiply-by-2-get-6.pdf
INFO    : renaming cropped-numberline-multiply-by-2-get-6.pdf to numberline-multiply-by-2-get-6.pdf
INFO    : converting numberline-multiply-by-2-get-6.pdf to numberline-multiply-by-2-get-6.svg
INFO    : converting negation.tex to negation.pdf
INFO    : cropping negation.pdf to cropped-negation.pdf
INFO    : renaming cropped-negation.pdf to negation.pdf
INFO    : converting negation.pdf to negation.svg
INFO    : converting slope-intercept-yequals9over5C+32-intercept.tex to slope-intercept-yequals9over5C+32-intercept.pdf
INFO    : cropping slope-intercept-yequals9over5C+32-intercept.pdf to cropped-slope-intercept-yequals9over5C+32-intercept.pdf
INFO    : renaming cropped-slope-intercept-yequals9over5C+32-intercept.pdf to slope-intercept-yequals9over5C+32-intercept.pdf
INFO    : converting slope-intercept-yequals9over5C+32-intercept.pdf to slope-intercept-yequals9over5C+32-intercept.svg
INFO    : converting find-slope-of-each-line-1.tex to find-slope-of-each-line-1.pdf
INFO    : cropping find-slope-of-each-line-1.pdf to cropped-find-slope-of-each-line-1.pdf
INFO    : renaming cropped-find-slope-of-each-line-1.pdf to find-slope-of-each-line-1.pdf
INFO    : converting find-slope-of-each-line-1.pdf to find-slope-of-each-line-1.svg
INFO    : converting summary-graph-point-slope.tex to summary-graph-point-slope.pdf
INFO    : cropping summary-graph-point-slope.pdf to cropped-summary-graph-point-slope.pdf
INFO    : renaming cropped-summary-graph-point-slope.pdf to summary-graph-point-slope.pdf
INFO    : converting summary-graph-point-slope.pdf to summary-graph-point-slope.svg
INFO    : converting third-table-completed.tex to third-table-completed.pdf
INFO    : cropping third-table-completed.pdf to cropped-third-table-completed.pdf
INFO    : renaming cropped-third-table-completed.pdf to third-table-completed.pdf
INFO    : converting third-table-completed.pdf to third-table-completed.svg
INFO    : converting tree-height.tex to tree-height.pdf
INFO    : cropping tree-height.pdf to cropped-tree-height.pdf
INFO    : renaming cropped-tree-height.pdf to tree-height.pdf
INFO    : converting tree-height.pdf to tree-height.svg
INFO    : converting specific-perpendicular-lines-2.tex to specific-perpendicular-lines-2.pdf
INFO    : cropping specific-perpendicular-lines-2.pdf to cropped-specific-perpendicular-lines-2.pdf
INFO    : renaming cropped-specific-perpendicular-lines-2.pdf to specific-perpendicular-lines-2.pdf
INFO    : converting specific-perpendicular-lines-2.pdf to specific-perpendicular-lines-2.svg
INFO    : converting intersection-graph.tex to intersection-graph.pdf
INFO    : cropping intersection-graph.pdf to cropped-intersection-graph.pdf
INFO    : renaming cropped-intersection-graph.pdf to intersection-graph.pdf
INFO    : converting intersection-graph.pdf to intersection-graph.svg
INFO    : converting summary-graph-using-table.tex to summary-graph-using-table.pdf
INFO    : cropping summary-graph-using-table.pdf to cropped-summary-graph-using-table.pdf
INFO    : renaming cropped-summary-graph-using-table.pdf to summary-graph-using-table.pdf
INFO    : converting summary-graph-using-table.pdf to summary-graph-using-table.svg
INFO    : converting top-1percent-income-scatterplot.tex to top-1percent-income-scatterplot.pdf
INFO    : cropping top-1percent-income-scatterplot.pdf to cropped-top-1percent-income-scatterplot.pdf
INFO    : renaming cropped-top-1percent-income-scatterplot.pdf to top-1percent-income-scatterplot.pdf
INFO    : converting top-1percent-income-scatterplot.pdf to top-1percent-income-scatterplot.svg
INFO    : converting kirans-gas-tank.tex to kirans-gas-tank.pdf
INFO    : cropping kirans-gas-tank.pdf to cropped-kirans-gas-tank.pdf
INFO    : renaming cropped-kirans-gas-tank.pdf to kirans-gas-tank.pdf
INFO    : converting kirans-gas-tank.pdf to kirans-gas-tank.svg
INFO    : converting specific-perpendicular-lines-3.tex to specific-perpendicular-lines-3.pdf
INFO    : cropping specific-perpendicular-lines-3.pdf to cropped-specific-perpendicular-lines-3.pdf
INFO    : renaming cropped-specific-perpendicular-lines-3.pdf to specific-perpendicular-lines-3.pdf
INFO    : converting specific-perpendicular-lines-3.pdf to specific-perpendicular-lines-3.svg
INFO    : converting right-triangle-copy.tex to right-triangle-copy.pdf
INFO    : cropping right-triangle-copy.pdf to cropped-right-triangle-copy.pdf
INFO    : renaming cropped-right-triangle-copy.pdf to right-triangle-copy.pdf
INFO    : converting right-triangle-copy.pdf to right-triangle-copy.svg
INFO    : converting standard-form-2x-3yequals0-slope-triangles.tex to standard-form-2x-3yequals0-slope-triangles.pdf
INFO    : cropping standard-form-2x-3yequals0-slope-triangles.pdf to cropped-standard-form-2x-3yequals0-slope-triangles.pdf
INFO    : renaming cropped-standard-form-2x-3yequals0-slope-triangles.pdf to standard-form-2x-3yequals0-slope-triangles.pdf
INFO    : converting standard-form-2x-3yequals0-slope-triangles.pdf to standard-form-2x-3yequals0-slope-triangles.svg
INFO    : converting television.tex to television.pdf
INFO    : cropping television.pdf to cropped-television.pdf
INFO    : renaming cropped-television.pdf to television.pdf
INFO    : converting television.pdf to television.svg
INFO    : converting yaras-savings-alternate.tex to yaras-savings-alternate.pdf
INFO    : cropping yaras-savings-alternate.pdf to cropped-yaras-savings-alternate.pdf
INFO    : renaming cropped-yaras-savings-alternate.pdf to yaras-savings-alternate.pdf
INFO    : converting yaras-savings-alternate.pdf to yaras-savings-alternate.svg
INFO    : converting example-inequality-simple-2-4.tex to example-inequality-simple-2-4.pdf
INFO    : cropping example-inequality-simple-2-4.pdf to cropped-example-inequality-simple-2-4.pdf
INFO    : renaming cropped-example-inequality-simple-2-4.pdf to example-inequality-simple-2-4.pdf
INFO    : converting example-inequality-simple-2-4.pdf to example-inequality-simple-2-4.svg
INFO    : converting quadrants.tex to quadrants.pdf
INFO    : cropping quadrants.pdf to cropped-quadrants.pdf
INFO    : renaming cropped-quadrants.pdf to quadrants.pdf
INFO    : converting quadrants.pdf to quadrants.svg
INFO    : converting slope-intercept-yequals9over5C+32-complete.tex to slope-intercept-yequals9over5C+32-complete.pdf
INFO    : cropping slope-intercept-yequals9over5C+32-complete.pdf to cropped-slope-intercept-yequals9over5C+32-complete.pdf
INFO    : renaming cropped-slope-intercept-yequals9over5C+32-complete.pdf to slope-intercept-yequals9over5C+32-complete.pdf
INFO    : converting slope-intercept-yequals9over5C+32-complete.pdf to slope-intercept-yequals9over5C+32-complete.svg
INFO    : converting open-infinite-interval.tex to open-infinite-interval.pdf
INFO    : cropping open-infinite-interval.pdf to cropped-open-infinite-interval.pdf
INFO    : renaming cropped-open-infinite-interval.pdf to open-infinite-interval.pdf
INFO    : converting open-infinite-interval.pdf to open-infinite-interval.svg
INFO    : converting hollow-solid-dot-convention.tex to hollow-solid-dot-convention.pdf
INFO    : cropping hollow-solid-dot-convention.pdf to cropped-hollow-solid-dot-convention.pdf
INFO    : renaming cropped-hollow-solid-dot-convention.pdf to hollow-solid-dot-convention.pdf
INFO    : converting hollow-solid-dot-convention.pdf to hollow-solid-dot-convention.svg
INFO    : converting vertical-line.tex to vertical-line.pdf
INFO    : cropping vertical-line.pdf to cropped-vertical-line.pdf
INFO    : renaming cropped-vertical-line.pdf to vertical-line.pdf
INFO    : converting vertical-line.pdf to vertical-line.svg
INFO    : converting fraction-division.tex to fraction-division.pdf
INFO    : cropping fraction-division.pdf to cropped-fraction-division.pdf
INFO    : renaming cropped-fraction-division.pdf to fraction-division.pdf
INFO    : converting fraction-division.pdf to fraction-division.svg
INFO    : converting rectangle-with-diagonal-copy.tex to rectangle-with-diagonal-copy.pdf
INFO    : cropping rectangle-with-diagonal-copy.pdf to cropped-rectangle-with-diagonal-copy.pdf
INFO    : renaming cropped-rectangle-with-diagonal-copy.pdf to rectangle-with-diagonal-copy.pdf
INFO    : converting rectangle-with-diagonal-copy.pdf to rectangle-with-diagonal-copy.svg
INFO    : converting intersection-graph-solution.tex to intersection-graph-solution.pdf
INFO    : cropping intersection-graph-solution.pdf to cropped-intersection-graph-solution.pdf
INFO    : renaming cropped-intersection-graph-solution.pdf to intersection-graph-solution.pdf
INFO    : converting intersection-graph-solution.pdf to intersection-graph-solution.svg
INFO    : converting cartesian-grid-with-point.tex to cartesian-grid-with-point.pdf
INFO    : cropping cartesian-grid-with-point.pdf to cropped-cartesian-grid-with-point.pdf
INFO    : renaming cropped-cartesian-grid-with-point.pdf to cartesian-grid-with-point.pdf
INFO    : converting cartesian-grid-with-point.pdf to cartesian-grid-with-point.svg
INFO    : converting rectangle-with-known-dimensions.tex to rectangle-with-known-dimensions.pdf
INFO    : cropping rectangle-with-known-dimensions.pdf to cropped-rectangle-with-known-dimensions.pdf
INFO    : renaming cropped-rectangle-with-known-dimensions.pdf to rectangle-with-known-dimensions.pdf
INFO    : converting rectangle-with-known-dimensions.pdf to rectangle-with-known-dimensions.svg
INFO    : converting horizontal-line.tex to horizontal-line.pdf
INFO    : cropping horizontal-line.pdf to cropped-horizontal-line.pdf
INFO    : renaming cropped-horizontal-line.pdf to horizontal-line.pdf
INFO    : converting horizontal-line.pdf to horizontal-line.svg
INFO    : converting perpendicular-lines.tex to perpendicular-lines.pdf
INFO    : cropping perpendicular-lines.pdf to cropped-perpendicular-lines.pdf
INFO    : renaming cropped-perpendicular-lines.pdf to perpendicular-lines.pdf
INFO    : converting perpendicular-lines.pdf to perpendicular-lines.svg
INFO    : converting vertical-line-standard-form.tex to vertical-line-standard-form.pdf
INFO    : cropping vertical-line-standard-form.pdf to cropped-vertical-line-standard-form.pdf
INFO    : renaming cropped-vertical-line-standard-form.pdf to vertical-line-standard-form.pdf
INFO    : converting vertical-line-standard-form.pdf to vertical-line-standard-form.svg
INFO    : converting slope-intercept-yequals2x+3.tex to slope-intercept-yequals2x+3.pdf
INFO    : cropping slope-intercept-yequals2x+3.pdf to cropped-slope-intercept-yequals2x+3.pdf
INFO    : renaming cropped-slope-intercept-yequals2x+3.pdf to slope-intercept-yequals2x+3.pdf
INFO    : converting slope-intercept-yequals2x+3.pdf to slope-intercept-yequals2x+3.svg
INFO    : converting slope-triangle.tex to slope-triangle.pdf
INFO    : cropping slope-triangle.pdf to cropped-slope-triangle.pdf
INFO    : renaming cropped-slope-triangle.pdf to slope-triangle.pdf
INFO    : converting slope-triangle.pdf to slope-triangle.svg
INFO    : converting positive-slope.tex to positive-slope.pdf
INFO    : cropping positive-slope.pdf to cropped-positive-slope.pdf
INFO    : renaming cropped-positive-slope.pdf to positive-slope.pdf
INFO    : converting positive-slope.pdf to positive-slope.svg
INFO    : converting equivalent-fractions-parts.tex to equivalent-fractions-parts.pdf
INFO    : cropping equivalent-fractions-parts.pdf to cropped-equivalent-fractions-parts.pdf
INFO    : renaming cropped-equivalent-fractions-parts.pdf to equivalent-fractions-parts.pdf
INFO    : converting equivalent-fractions-parts.pdf to equivalent-fractions-parts.svg
INFO    : converting slope-intercept-yequals9over5C+32-slope-triangle.tex to slope-intercept-yequals9over5C+32-slope-triangle.pdf
INFO    : cropping slope-intercept-yequals9over5C+32-slope-triangle.pdf to cropped-slope-intercept-yequals9over5C+32-slope-triangle.pdf
INFO    : renaming cropped-slope-intercept-yequals9over5C+32-slope-triangle.pdf to slope-intercept-yequals9over5C+32-slope-triangle.pdf
INFO    : converting slope-intercept-yequals9over5C+32-slope-triangle.pdf to slope-intercept-yequals9over5C+32-slope-triangle.svg
INFO    : converting balance-scale-dividing.tex to balance-scale-dividing.pdf
INFO    : cropping balance-scale-dividing.pdf to cropped-balance-scale-dividing.pdf
INFO    : renaming cropped-balance-scale-dividing.pdf to balance-scale-dividing.pdf
INFO    : converting balance-scale-dividing.pdf to balance-scale-dividing.svg
INFO    : converting interpolated-and-extrapolated-line.tex to interpolated-and-extrapolated-line.pdf
INFO    : cropping interpolated-and-extrapolated-line.pdf to cropped-interpolated-and-extrapolated-line.pdf
INFO    : renaming cropped-interpolated-and-extrapolated-line.pdf to interpolated-and-extrapolated-line.pdf
INFO    : converting interpolated-and-extrapolated-line.pdf to interpolated-and-extrapolated-line.svg
INFO    : converting carls-neighborhood.tex to carls-neighborhood.pdf
INFO    : cropping carls-neighborhood.pdf to cropped-carls-neighborhood.pdf
INFO    : renaming cropped-carls-neighborhood.pdf to carls-neighborhood.pdf
INFO    : converting carls-neighborhood.pdf to carls-neighborhood.svg
INFO    : converting understanding-slope-formula-1.tex to understanding-slope-formula-1.pdf
INFO    : cropping understanding-slope-formula-1.pdf to cropped-understanding-slope-formula-1.pdf
INFO    : renaming cropped-understanding-slope-formula-1.pdf to understanding-slope-formula-1.pdf
INFO    : converting understanding-slope-formula-1.pdf to understanding-slope-formula-1.svg
INFO    : converting balance-scale-multiplication-solution.tex to balance-scale-multiplication-solution.pdf
INFO    : cropping balance-scale-multiplication-solution.pdf to cropped-balance-scale-multiplication-solution.pdf
INFO    : renaming cropped-balance-scale-multiplication-solution.pdf to balance-scale-multiplication-solution.pdf
INFO    : converting balance-scale-multiplication-solution.pdf to balance-scale-multiplication-solution.svg
INFO    : converting summary-graph-using-slope-triangles.tex to summary-graph-using-slope-triangles.pdf
INFO    : cropping summary-graph-using-slope-triangles.pdf to cropped-summary-graph-using-slope-triangles.pdf
INFO    : renaming cropped-summary-graph-using-slope-triangles.pdf to summary-graph-using-slope-triangles.pdf
INFO    : converting summary-graph-using-slope-triangles.pdf to summary-graph-using-slope-triangles.svg
INFO    : converting stair-rise-run.tex to stair-rise-run.pdf
INFO    : cropping stair-rise-run.pdf to cropped-stair-rise-run.pdf
INFO    : renaming cropped-stair-rise-run.pdf to stair-rise-run.pdf
INFO    : converting stair-rise-run.pdf to stair-rise-run.svg
INFO    : converting a-frame-tent.tex to a-frame-tent.pdf
INFO    : cropping a-frame-tent.pdf to cropped-a-frame-tent.pdf
INFO    : renaming cropped-a-frame-tent.pdf to a-frame-tent.pdf
INFO    : converting a-frame-tent.pdf to a-frame-tent.svg
INFO    : converting point-slope-multiple-equations.tex to point-slope-multiple-equations.pdf
INFO    : cropping point-slope-multiple-equations.pdf to cropped-point-slope-multiple-equations.pdf
INFO    : renaming cropped-point-slope-multiple-equations.pdf to point-slope-multiple-equations.pdf
INFO    : converting point-slope-multiple-equations.pdf to point-slope-multiple-equations.svg
INFO    : converting review-linear-equations-and-inequalities-22-6-3-1-2.tex to review-linear-equations-and-inequalities-22-6-3-1-2.pdf
INFO    : cropping review-linear-equations-and-inequalities-22-6-3-1-2.pdf to cropped-review-linear-equations-and-inequalities-22-6-3-1-2.pdf
INFO    : renaming cropped-review-linear-equations-and-inequalities-22-6-3-1-2.pdf to review-linear-equations-and-inequalities-22-6-3-1-2.pdf
INFO    : converting review-linear-equations-and-inequalities-22-6-3-1-2.pdf to review-linear-equations-and-inequalities-22-6-3-1-2.svg
INFO    : converting understanding-slope-formula-2.tex to understanding-slope-formula-2.pdf
INFO    : cropping understanding-slope-formula-2.pdf to cropped-understanding-slope-formula-2.pdf
INFO    : renaming cropped-understanding-slope-formula-2.pdf to understanding-slope-formula-2.pdf
INFO    : converting understanding-slope-formula-2.pdf to understanding-slope-formula-2.svg
INFO    : converting forces-in-opposition.tex to forces-in-opposition.pdf
INFO    : cropping forces-in-opposition.pdf to cropped-forces-in-opposition.pdf
INFO    : renaming cropped-forces-in-opposition.pdf to forces-in-opposition.pdf
INFO    : converting forces-in-opposition.pdf to forces-in-opposition.svg
INFO    : converting invasive-cancer-scatterplot-with-segments.tex to invasive-cancer-scatterplot-with-segments.pdf
INFO    : cropping invasive-cancer-scatterplot-with-segments.pdf to cropped-invasive-cancer-scatterplot-with-segments.pdf
INFO    : renaming cropped-invasive-cancer-scatterplot-with-segments.pdf to invasive-cancer-scatterplot-with-segments.pdf
INFO    : converting invasive-cancer-scatterplot-with-segments.pdf to invasive-cancer-scatterplot-with-segments.svg
INFO    : converting summary-graph-standard-form-using-intercepts.tex to summary-graph-standard-form-using-intercepts.pdf
INFO    : cropping summary-graph-standard-form-using-intercepts.pdf to cropped-summary-graph-standard-form-using-intercepts.pdf
INFO    : renaming cropped-summary-graph-standard-form-using-intercepts.pdf to summary-graph-standard-form-using-intercepts.pdf
INFO    : converting summary-graph-standard-form-using-intercepts.pdf to summary-graph-standard-form-using-intercepts.svg
INFO    : converting another-interval-in-chapter-review.tex to another-interval-in-chapter-review.pdf
INFO    : cropping another-interval-in-chapter-review.pdf to cropped-another-interval-in-chapter-review.pdf
INFO    : renaming cropped-another-interval-in-chapter-review.pdf to another-interval-in-chapter-review.pdf
INFO    : converting another-interval-in-chapter-review.pdf to another-interval-in-chapter-review.svg
INFO    : converting point-slope-yequals-130groupx-2021+2975.tex to point-slope-yequals-130groupx-2021+2975.pdf
INFO    : cropping point-slope-yequals-130groupx-2021+2975.pdf to cropped-point-slope-yequals-130groupx-2021+2975.pdf
INFO    : renaming cropped-point-slope-yequals-130groupx-2021+2975.pdf to point-slope-yequals-130groupx-2021+2975.pdf
INFO    : converting point-slope-yequals-130groupx-2021+2975.pdf to point-slope-yequals-130groupx-2021+2975.svg
INFO    : converting summary-graph-horizontal.tex to summary-graph-horizontal.pdf
INFO    : cropping summary-graph-horizontal.pdf to cropped-summary-graph-horizontal.pdf
INFO    : renaming cropped-summary-graph-horizontal.pdf to summary-graph-horizontal.pdf
INFO    : converting summary-graph-horizontal.pdf to summary-graph-horizontal.svg
INFO    : converting numberline-add-2-get-6.tex to numberline-add-2-get-6.pdf
INFO    : cropping numberline-add-2-get-6.pdf to cropped-numberline-add-2-get-6.pdf
INFO    : renaming cropped-numberline-add-2-get-6.pdf to numberline-add-2-get-6.pdf
INFO    : converting numberline-add-2-get-6.pdf to numberline-add-2-get-6.svg
INFO    : converting pentagon-perimeter.tex to pentagon-perimeter.pdf
INFO    : cropping pentagon-perimeter.pdf to cropped-pentagon-perimeter.pdf
INFO    : renaming cropped-pentagon-perimeter.pdf to pentagon-perimeter.pdf
INFO    : converting pentagon-perimeter.pdf to pentagon-perimeter.svg
INFO    : converting summary-slope-intercept.tex to summary-slope-intercept.pdf
INFO    : cropping summary-slope-intercept.pdf to cropped-summary-slope-intercept.pdf
INFO    : renaming cropped-summary-slope-intercept.pdf to summary-slope-intercept.pdf
INFO    : converting summary-slope-intercept.pdf to summary-slope-intercept.svg
INFO    : converting section-isolating-a-linear-variable-6-2-2-2-2.tex to section-isolating-a-linear-variable-6-2-2-2-2.pdf
INFO    : cropping section-isolating-a-linear-variable-6-2-2-2-2.pdf to cropped-section-isolating-a-linear-variable-6-2-2-2-2.pdf
INFO    : renaming cropped-section-isolating-a-linear-variable-6-2-2-2-2.pdf to section-isolating-a-linear-variable-6-2-2-2-2.pdf
INFO    : converting section-isolating-a-linear-variable-6-2-2-2-2.pdf to section-isolating-a-linear-variable-6-2-2-2-2.svg
INFO    : converting review-of-coordinates.tex to review-of-coordinates.pdf
INFO    : cropping review-of-coordinates.pdf to cropped-review-of-coordinates.pdf
INFO    : renaming cropped-review-of-coordinates.pdf to review-of-coordinates.pdf
INFO    : converting review-of-coordinates.pdf to review-of-coordinates.svg
INFO    : converting inequality-solution-graph.tex to inequality-solution-graph.pdf
INFO    : cropping inequality-solution-graph.pdf to cropped-inequality-solution-graph.pdf
INFO    : renaming cropped-inequality-solution-graph.pdf to inequality-solution-graph.pdf
INFO    : converting inequality-solution-graph.pdf to inequality-solution-graph.svg
INFO    : converting fraction.tex to fraction.pdf
INFO    : cropping fraction.pdf to cropped-fraction.pdf
INFO    : renaming cropped-fraction.pdf to fraction.pdf
INFO    : converting fraction.pdf to fraction.svg
INFO    : converting line-for-yequals-2x+3.tex to line-for-yequals-2x+3.pdf
INFO    : cropping line-for-yequals-2x+3.pdf to cropped-line-for-yequals-2x+3.pdf
INFO    : renaming cropped-line-for-yequals-2x+3.pdf to line-for-yequals-2x+3.pdf
INFO    : converting line-for-yequals-2x+3.pdf to line-for-yequals-2x+3.svg
INFO    : converting equivalent-fractions-division.tex to equivalent-fractions-division.pdf
INFO    : cropping equivalent-fractions-division.pdf to cropped-equivalent-fractions-division.pdf
INFO    : renaming cropped-equivalent-fractions-division.pdf to equivalent-fractions-division.pdf
INFO    : converting equivalent-fractions-division.pdf to equivalent-fractions-division.svg
INFO    : converting balance-scale-multiplication.tex to balance-scale-multiplication.pdf
INFO    : cropping balance-scale-multiplication.pdf to cropped-balance-scale-multiplication.pdf
INFO    : renaming cropped-balance-scale-multiplication.pdf to balance-scale-multiplication.pdf
INFO    : converting balance-scale-multiplication.pdf to balance-scale-multiplication.svg
INFO    : converting positive-times-negative.tex to positive-times-negative.pdf
INFO    : cropping positive-times-negative.pdf to cropped-positive-times-negative.pdf
INFO    : renaming cropped-positive-times-negative.pdf to positive-times-negative.pdf
INFO    : converting positive-times-negative.pdf to positive-times-negative.svg
INFO    : converting footrace.tex to footrace.pdf
INFO    : cropping footrace.pdf to cropped-footrace.pdf
INFO    : renaming cropped-footrace.pdf to footrace.pdf
INFO    : converting footrace.pdf to footrace.svg
INFO    : converting consistent-rate-of-change.tex to consistent-rate-of-change.pdf
INFO    : cropping consistent-rate-of-change.pdf to cropped-consistent-rate-of-change.pdf
INFO    : renaming cropped-consistent-rate-of-change.pdf to consistent-rate-of-change.pdf
INFO    : converting consistent-rate-of-change.pdf to consistent-rate-of-change.svg
INFO    : converting cylinder.tex to cylinder.pdf
INFO    : cropping cylinder.pdf to cropped-cylinder.pdf
INFO    : renaming cropped-cylinder.pdf to cylinder.pdf
INFO    : converting cylinder.pdf to cylinder.svg
INFO    : converting infinite-closed-interval.tex to infinite-closed-interval.pdf
INFO    : cropping infinite-closed-interval.pdf to cropped-infinite-closed-interval.pdf
INFO    : renaming cropped-infinite-closed-interval.pdf to infinite-closed-interval.pdf
INFO    : converting infinite-closed-interval.pdf to infinite-closed-interval.svg
INFO    : converting textbook-prices.tex to textbook-prices.pdf
INFO    : cropping textbook-prices.pdf to cropped-textbook-prices.pdf
INFO    : renaming cropped-textbook-prices.pdf to textbook-prices.pdf
INFO    : converting textbook-prices.pdf to textbook-prices.svg
INFO    : converting balance-scale-solution.tex to balance-scale-solution.pdf
INFO    : cropping balance-scale-solution.pdf to cropped-balance-scale-solution.pdf
INFO    : renaming cropped-balance-scale-solution.pdf to balance-scale-solution.pdf
INFO    : converting balance-scale-solution.pdf to balance-scale-solution.svg
INFO    : converting section-solving-multistep-linear-inequalities-4-5-2-4.tex to section-solving-multistep-linear-inequalities-4-5-2-4.pdf
INFO    : cropping section-solving-multistep-linear-inequalities-4-5-2-4.pdf to cropped-section-solving-multistep-linear-inequalities-4-5-2-4.pdf
INFO    : renaming cropped-section-solving-multistep-linear-inequalities-4-5-2-4.pdf to section-solving-multistep-linear-inequalities-4-5-2-4.pdf
INFO    : converting section-solving-multistep-linear-inequalities-4-5-2-4.pdf to section-solving-multistep-linear-inequalities-4-5-2-4.svg
INFO    : converting coincidinig-system.tex to coincidinig-system.pdf
INFO    : cropping coincidinig-system.pdf to cropped-coincidinig-system.pdf
INFO    : renaming cropped-coincidinig-system.pdf to coincidinig-system.pdf
INFO    : converting coincidinig-system.pdf to coincidinig-system.svg
INFO    : converting generic-perpendicular-lines-with-slope-triangles.tex to generic-perpendicular-lines-with-slope-triangles.pdf
INFO    : cropping generic-perpendicular-lines-with-slope-triangles.pdf to cropped-generic-perpendicular-lines-with-slope-triangles.pdf
INFO    : renaming cropped-generic-perpendicular-lines-with-slope-triangles.pdf to generic-perpendicular-lines-with-slope-triangles.pdf
INFO    : converting generic-perpendicular-lines-with-slope-triangles.pdf to generic-perpendicular-lines-with-slope-triangles.svg
INFO    : converting infinite-open-interval.tex to infinite-open-interval.pdf
INFO    : cropping infinite-open-interval.pdf to cropped-infinite-open-interval.pdf
INFO    : renaming cropped-infinite-open-interval.pdf to infinite-open-interval.pdf
INFO    : converting infinite-open-interval.pdf to infinite-open-interval.svg
INFO    : converting balance-scale-subtracting.tex to balance-scale-subtracting.pdf
INFO    : cropping balance-scale-subtracting.pdf to cropped-balance-scale-subtracting.pdf
INFO    : renaming cropped-balance-scale-subtracting.pdf to balance-scale-subtracting.pdf
INFO    : converting balance-scale-subtracting.pdf to balance-scale-subtracting.svg
INFO    : converting empty-grid.tex to empty-grid.pdf
INFO    : cropping empty-grid.pdf to cropped-empty-grid.pdf
INFO    : renaming cropped-empty-grid.pdf to empty-grid.pdf
INFO    : converting empty-grid.pdf to empty-grid.svg
INFO    : converting interval-in-chapter-review.tex to interval-in-chapter-review.pdf
INFO    : cropping interval-in-chapter-review.pdf to cropped-interval-in-chapter-review.pdf
INFO    : renaming cropped-interval-in-chapter-review.pdf to interval-in-chapter-review.pdf
INFO    : converting interval-in-chapter-review.pdf to interval-in-chapter-review.svg
INFO    : converting standard-form-2x-3yequals-6.tex to standard-form-2x-3yequals-6.pdf
INFO    : cropping standard-form-2x-3yequals-6.pdf to cropped-standard-form-2x-3yequals-6.pdf
INFO    : renaming cropped-standard-form-2x-3yequals-6.pdf to standard-form-2x-3yequals-6.pdf
INFO    : converting standard-form-2x-3yequals-6.pdf to standard-form-2x-3yequals-6.svg
INFO    : converting negative-slope.tex to negative-slope.pdf
INFO    : cropping negative-slope.pdf to cropped-negative-slope.pdf
INFO    : renaming cropped-negative-slope.pdf to negative-slope.pdf
INFO    : converting negative-slope.pdf to negative-slope.svg
INFO    : converting cartesian-plot-mapping-coordinates.tex to cartesian-plot-mapping-coordinates.pdf
INFO    : cropping cartesian-plot-mapping-coordinates.pdf to cropped-cartesian-plot-mapping-coordinates.pdf
INFO    : renaming cropped-cartesian-plot-mapping-coordinates.pdf to cartesian-plot-mapping-coordinates.pdf
INFO    : converting cartesian-plot-mapping-coordinates.pdf to cartesian-plot-mapping-coordinates.svg
INFO    : converting section-isolating-a-linear-variable-6-2-3-2-2.tex to section-isolating-a-linear-variable-6-2-3-2-2.pdf
INFO    : cropping section-isolating-a-linear-variable-6-2-3-2-2.pdf to cropped-section-isolating-a-linear-variable-6-2-3-2-2.pdf
INFO    : renaming cropped-section-isolating-a-linear-variable-6-2-3-2-2.pdf to section-isolating-a-linear-variable-6-2-3-2-2.pdf
INFO    : converting section-isolating-a-linear-variable-6-2-3-2-2.pdf to section-isolating-a-linear-variable-6-2-3-2-2.svg
INFO    : converting more-measuring-cups.tex to more-measuring-cups.pdf
INFO    : cropping more-measuring-cups.pdf to cropped-more-measuring-cups.pdf
INFO    : renaming cropped-more-measuring-cups.pdf to more-measuring-cups.pdf
INFO    : converting more-measuring-cups.pdf to more-measuring-cups.svg
INFO    : converting numberline-divide-by-2-get-solution.tex to numberline-divide-by-2-get-solution.pdf
INFO    : cropping numberline-divide-by-2-get-solution.pdf to cropped-numberline-divide-by-2-get-solution.pdf
INFO    : renaming cropped-numberline-divide-by-2-get-solution.pdf to numberline-divide-by-2-get-solution.pdf
INFO    : converting numberline-divide-by-2-get-solution.pdf to numberline-divide-by-2-get-solution.svg
INFO    : converting standard-form-2x-3yequals-6-slope-triangles.tex to standard-form-2x-3yequals-6-slope-triangles.pdf
INFO    : cropping standard-form-2x-3yequals-6-slope-triangles.pdf to cropped-standard-form-2x-3yequals-6-slope-triangles.pdf
INFO    : renaming cropped-standard-form-2x-3yequals-6-slope-triangles.pdf to standard-form-2x-3yequals-6-slope-triangles.pdf
INFO    : converting standard-form-2x-3yequals-6-slope-triangles.pdf to standard-form-2x-3yequals-6-slope-triangles.svg
INFO    : converting slope-intercept-yequals-2over3x+10-intercept.tex to slope-intercept-yequals-2over3x+10-intercept.pdf
INFO    : cropping slope-intercept-yequals-2over3x+10-intercept.pdf to cropped-slope-intercept-yequals-2over3x+10-intercept.pdf
INFO    : renaming cropped-slope-intercept-yequals-2over3x+10-intercept.pdf to slope-intercept-yequals-2over3x+10-intercept.pdf
INFO    : converting slope-intercept-yequals-2over3x+10-intercept.pdf to slope-intercept-yequals-2over3x+10-intercept.svg
INFO    : converting rectangle-with-known-area-and-length.tex to rectangle-with-known-area-and-length.pdf
INFO    : cropping rectangle-with-known-area-and-length.pdf to cropped-rectangle-with-known-area-and-length.pdf
INFO    : renaming cropped-rectangle-with-known-area-and-length.pdf to rectangle-with-known-area-and-length.pdf
INFO    : converting rectangle-with-known-area-and-length.pdf to rectangle-with-known-area-and-length.svg
INFO    : converting school-class-sizes.tex to school-class-sizes.pdf
INFO    : cropping school-class-sizes.pdf to cropped-school-class-sizes.pdf
INFO    : renaming cropped-school-class-sizes.pdf to school-class-sizes.pdf
INFO    : converting school-class-sizes.pdf to school-class-sizes.svg
INFO    : converting points-from-the-table.tex to points-from-the-table.pdf
INFO    : cropping points-from-the-table.pdf to cropped-points-from-the-table.pdf
INFO    : renaming cropped-points-from-the-table.pdf to points-from-the-table.pdf
INFO    : converting points-from-the-table.pdf to points-from-the-table.svg
INFO    : converting point-slope-yequals2over7groupx-5+4.tex to point-slope-yequals2over7groupx-5+4.pdf
INFO    : cropping point-slope-yequals2over7groupx-5+4.pdf to cropped-point-slope-yequals2over7groupx-5+4.pdf
INFO    : renaming cropped-point-slope-yequals2over7groupx-5+4.pdf to point-slope-yequals2over7groupx-5+4.pdf
INFO    : converting point-slope-yequals2over7groupx-5+4.pdf to point-slope-yequals2over7groupx-5+4.svg
INFO    : converting equilateral-triangle-with-altitude.tex to equilateral-triangle-with-altitude.pdf
INFO    : cropping equilateral-triangle-with-altitude.pdf to cropped-equilateral-triangle-with-altitude.pdf
INFO    : renaming cropped-equilateral-triangle-with-altitude.pdf to equilateral-triangle-with-altitude.pdf
INFO    : converting equilateral-triangle-with-altitude.pdf to equilateral-triangle-with-altitude.svg
INFO    : converting line-with-slope-4.tex to line-with-slope-4.pdf
INFO    : cropping line-with-slope-4.pdf to cropped-line-with-slope-4.pdf
INFO    : renaming cropped-line-with-slope-4.pdf to line-with-slope-4.pdf
INFO    : converting line-with-slope-4.pdf to line-with-slope-4.svg
INFO    : converting balance-scale.tex to balance-scale.pdf
INFO    : cropping balance-scale.pdf to cropped-balance-scale.pdf
INFO    : renaming cropped-balance-scale.pdf to balance-scale.pdf
INFO    : converting balance-scale.pdf to balance-scale.svg
INFO    : converting large-garden.tex to large-garden.pdf
INFO    : cropping large-garden.pdf to cropped-large-garden.pdf
INFO    : renaming cropped-large-garden.pdf to large-garden.pdf
INFO    : converting large-garden.pdf to large-garden.svg
INFO    : converting fraction-number-line.tex to fraction-number-line.pdf
INFO    : cropping fraction-number-line.pdf to cropped-fraction-number-line.pdf
INFO    : renaming cropped-fraction-number-line.pdf to fraction-number-line.pdf
INFO    : converting fraction-number-line.pdf to fraction-number-line.svg
INFO    : converting parallel-lines.tex to parallel-lines.pdf
INFO    : cropping parallel-lines.pdf to cropped-parallel-lines.pdf
INFO    : renaming cropped-parallel-lines.pdf to parallel-lines.pdf
INFO    : converting parallel-lines.pdf to parallel-lines.svg
INFO    : converting rectangle-with-diagonal.tex to rectangle-with-diagonal.pdf
INFO    : cropping rectangle-with-diagonal.pdf to cropped-rectangle-with-diagonal.pdf
INFO    : renaming cropped-rectangle-with-diagonal.pdf to rectangle-with-diagonal.pdf
INFO    : converting rectangle-with-diagonal.pdf to rectangle-with-diagonal.svg
INFO    : converting horizontal-line-standard-form.tex to horizontal-line-standard-form.pdf
INFO    : cropping horizontal-line-standard-form.pdf to cropped-horizontal-line-standard-form.pdf
INFO    : renaming cropped-horizontal-line-standard-form.pdf to horizontal-line-standard-form.pdf
INFO    : converting horizontal-line-standard-form.pdf to horizontal-line-standard-form.svg
INFO    : converting small-garden.tex to small-garden.pdf
INFO    : cropping small-garden.pdf to cropped-small-garden.pdf
INFO    : renaming cropped-small-garden.pdf to small-garden.pdf
INFO    : converting small-garden.pdf to small-garden.svg
INFO    : converting slope-intercept-yequals-2over3x+10-complete.tex to slope-intercept-yequals-2over3x+10-complete.pdf
INFO    : cropping slope-intercept-yequals-2over3x+10-complete.pdf to cropped-slope-intercept-yequals-2over3x+10-complete.pdf
INFO    : renaming cropped-slope-intercept-yequals-2over3x+10-complete.pdf to slope-intercept-yequals-2over3x+10-complete.pdf
INFO    : converting slope-intercept-yequals-2over3x+10-complete.pdf to slope-intercept-yequals-2over3x+10-complete.svg
INFO    : converting graph-of-points-for-yequals14-0.032x.tex to graph-of-points-for-yequals14-0.032x.pdf
INFO    : cropping graph-of-points-for-yequals14-0.032x.pdf to cropped-graph-of-points-for-yequals14-0.032x.pdf
INFO    : renaming cropped-graph-of-points-for-yequals14-0.032x.pdf to graph-of-points-for-yequals14-0.032x.pdf
INFO    : converting graph-of-points-for-yequals14-0.032x.pdf to graph-of-points-for-yequals14-0.032x.svg
INFO    : converting yaras-savings-slope.tex to yaras-savings-slope.pdf
INFO    : cropping yaras-savings-slope.pdf to cropped-yaras-savings-slope.pdf
INFO    : renaming cropped-yaras-savings-slope.pdf to yaras-savings-slope.pdf
INFO    : converting yaras-savings-slope.pdf to yaras-savings-slope.svg
INFO    : converting top-one-percent-scatterplot-with-line.tex to top-one-percent-scatterplot-with-line.pdf
INFO    : cropping top-one-percent-scatterplot-with-line.pdf to cropped-top-one-percent-scatterplot-with-line.pdf
INFO    : renaming cropped-top-one-percent-scatterplot-with-line.pdf to top-one-percent-scatterplot-with-line.pdf
INFO    : converting top-one-percent-scatterplot-with-line.pdf to top-one-percent-scatterplot-with-line.svg
INFO    : converting more-points-on-yequals-2x+3.tex to more-points-on-yequals-2x+3.pdf
INFO    : cropping more-points-on-yequals-2x+3.pdf to cropped-more-points-on-yequals-2x+3.pdf
INFO    : renaming cropped-more-points-on-yequals-2x+3.pdf to more-points-on-yequals-2x+3.pdf
INFO    : converting more-points-on-yequals-2x+3.pdf to more-points-on-yequals-2x+3.svg
INFO    : converting fabiana-and-david-graph.tex to fabiana-and-david-graph.pdf
INFO    : cropping fabiana-and-david-graph.pdf to cropped-fabiana-and-david-graph.pdf
INFO    : renaming cropped-fabiana-and-david-graph.pdf to fabiana-and-david-graph.pdf
INFO    : converting fabiana-and-david-graph.pdf to fabiana-and-david-graph.svg
INFO    : converting parallel-system.tex to parallel-system.pdf
INFO    : cropping parallel-system.pdf to cropped-parallel-system.pdf
INFO    : renaming cropped-parallel-system.pdf to parallel-system.pdf
INFO    : converting parallel-system.pdf to parallel-system.svg
INFO    : converting consistent-rate-of-change-for-slope.tex to consistent-rate-of-change-for-slope.pdf
INFO    : cropping consistent-rate-of-change-for-slope.pdf to cropped-consistent-rate-of-change-for-slope.pdf
INFO    : renaming cropped-consistent-rate-of-change-for-slope.pdf to consistent-rate-of-change-for-slope.pdf
INFO    : converting consistent-rate-of-change-for-slope.pdf to consistent-rate-of-change-for-slope.svg
INFO    : converting number-line-negative-comparison.tex to number-line-negative-comparison.pdf
INFO    : cropping number-line-negative-comparison.pdf to cropped-number-line-negative-comparison.pdf
INFO    : renaming cropped-number-line-negative-comparison.pdf to number-line-negative-comparison.pdf
INFO    : converting number-line-negative-comparison.pdf to number-line-negative-comparison.svg
INFO    : converting third-table.tex to third-table.pdf
INFO    : cropping third-table.pdf to cropped-third-table.pdf
INFO    : renaming cropped-third-table.pdf to third-table.pdf
INFO    : converting third-table.pdf to third-table.svg
INFO    : converting generic-slope-intercept.tex to generic-slope-intercept.pdf
INFO    : cropping generic-slope-intercept.pdf to cropped-generic-slope-intercept.pdf
INFO    : renaming cropped-generic-slope-intercept.pdf to generic-slope-intercept.pdf
INFO    : converting generic-slope-intercept.pdf to generic-slope-intercept.svg
INFO    : converting line-with-slope-2.tex to line-with-slope-2.pdf
INFO    : cropping line-with-slope-2.pdf to cropped-line-with-slope-2.pdf
INFO    : renaming cropped-line-with-slope-2.pdf to line-with-slope-2.pdf
INFO    : converting line-with-slope-2.pdf to line-with-slope-2.svg
INFO    : converting absolute-value-distance.tex to absolute-value-distance.pdf
INFO    : cropping absolute-value-distance.pdf to cropped-absolute-value-distance.pdf
INFO    : renaming cropped-absolute-value-distance.pdf to absolute-value-distance.pdf
INFO    : converting absolute-value-distance.pdf to absolute-value-distance.svg
INFO    : converting zero-slope.tex to zero-slope.pdf
INFO    : cropping zero-slope.pdf to cropped-zero-slope.pdf
INFO    : renaming cropped-zero-slope.pdf to zero-slope.pdf
INFO    : converting zero-slope.pdf to zero-slope.svg
INFO    : converting negative-times-negative.tex to negative-times-negative.pdf
INFO    : cropping negative-times-negative.pdf to cropped-negative-times-negative.pdf
INFO    : renaming cropped-negative-times-negative.pdf to negative-times-negative.pdf
INFO    : converting negative-times-negative.pdf to negative-times-negative.svg
INFO    : converting trees-growth-chart.tex to trees-growth-chart.pdf
INFO    : cropping trees-growth-chart.pdf to cropped-trees-growth-chart.pdf
INFO    : renaming cropped-trees-growth-chart.pdf to trees-growth-chart.pdf
INFO    : converting trees-growth-chart.pdf to trees-growth-chart.svg
INFO    : converting pcc-race-demographics.tex to pcc-race-demographics.pdf
INFO    : cropping pcc-race-demographics.pdf to cropped-pcc-race-demographics.pdf
INFO    : renaming cropped-pcc-race-demographics.pdf to pcc-race-demographics.pdf
INFO    : converting pcc-race-demographics.pdf to pcc-race-demographics.svg
INFO    : converting summary-negative-slope-intercept.tex to summary-negative-slope-intercept.pdf
INFO    : cropping summary-negative-slope-intercept.pdf to cropped-summary-negative-slope-intercept.pdf
INFO    : renaming cropped-summary-negative-slope-intercept.pdf to summary-negative-slope-intercept.pdf
INFO    : converting summary-negative-slope-intercept.pdf to summary-negative-slope-intercept.svg
INFO    : converting medical-procedure.tex to medical-procedure.pdf
INFO    : cropping medical-procedure.pdf to cropped-medical-procedure.pdf
INFO    : renaming cropped-medical-procedure.pdf to medical-procedure.pdf
INFO    : converting medical-procedure.pdf to medical-procedure.svg
INFO    : converting yaras-savings.tex to yaras-savings.pdf
INFO    : cropping yaras-savings.pdf to cropped-yaras-savings.pdf
INFO    : renaming cropped-yaras-savings.pdf to yaras-savings.pdf
INFO    : converting yaras-savings.pdf to yaras-savings.svg
INFO    : converting line-with-slope-1.tex to line-with-slope-1.pdf
INFO    : cropping line-with-slope-1.pdf to cropped-line-with-slope-1.pdf
INFO    : renaming cropped-line-with-slope-1.pdf to line-with-slope-1.pdf
INFO    : converting line-with-slope-1.pdf to line-with-slope-1.svg
INFO    : converting carls-neighborhood-with-coordinates.tex to carls-neighborhood-with-coordinates.pdf
INFO    : cropping carls-neighborhood-with-coordinates.pdf to cropped-carls-neighborhood-with-coordinates.pdf
INFO    : renaming cropped-carls-neighborhood-with-coordinates.pdf to carls-neighborhood-with-coordinates.pdf
INFO    : converting carls-neighborhood-with-coordinates.pdf to carls-neighborhood-with-coordinates.svg
INFO    : converting prism-volume-another-way.tex to prism-volume-another-way.pdf
INFO    : cropping prism-volume-another-way.pdf to cropped-prism-volume-another-way.pdf
INFO    : renaming cropped-prism-volume-another-way.pdf to prism-volume-another-way.pdf
INFO    : converting prism-volume-another-way.pdf to prism-volume-another-way.svg
INFO    : Removing temporary directory /var/folders/kz/9h51ybtj493_4f_czy1ty8x40000gr/T/ptx-ourq5ins
INFO    : Finished generating assets.

