INFO    : PreTeXt-CLI version: 2.4.1

INFO    : PreTeXt project found in `/Users/alex.jordan/orcca`.
WARNING : Project's CLI version could not be detected from `requirements.txt`.
WARNING : Try `pretext init --refresh` to produce a compatible file.
INFO    : Since no target was supplied, we will use "html".

INFO    : string parameters passed to extraction stylesheet: {'publisher': '/Users/alex.jordan/orcca/publication/publication.xml'}
INFO    : discovering source file's directory name: /Users/alex.jordan/orcca/src
INFO    : verifying and expanding input directory: /Users/alex.jordan/orcca/src/../generated-assets
INFO    : input directory expanded to absolute path: /Users/alex.jordan/orcca/generated-assets
INFO    : verifying and expanding input directory: /Users/alex.jordan/orcca/src/../assets
INFO    : input directory expanded to absolute path: /Users/alex.jordan/orcca/assets
INFO    : XSL conversion of /Users/alex.jordan/orcca/src/orcca.ptx by /Users/alex.jordan/.ptx/xsl/extract-pg.xsl
INFO    : messages from the log for XSL processing (indented):
INFO    :     * PTX:ERROR: the @label value "identify-slope-and-point-neg-k-int-copy" should be unique, but is authored 2 times.
INFO    :     *            Results will be unpredictable, and likely incorrect.  Information on the locations follows:
INFO    :     *              located within: "Identify Point and Slope" (title)
INFO    :     *              located within: ": " (title)
INFO    :     * PTX:ERROR: the @label value "write-point-slope-neg-int-copy" should be unique, but is authored 2 times.
INFO    :     *            Results will be unpredictable, and likely incorrect.  Information on the locations follows:
INFO    :     *              located within: "Construct Point-Slope Form" (title)
INFO    :     *              located within: ": " (title)
INFO    :     * PTX:ERROR: the @label value "write-point-slope-mixed-int-decimal-slope-copy" should be unique, but is authored 2 times.
INFO    :     *            Results will be unpredictable, and likely incorrect.  Information on the locations follows:
INFO    :     *              located within: "Construct Point-Slope Form" (title)
INFO    :     *              located within: ": " (title)
INFO    :     * PTX:ERROR: the @label value "convert-point-slope-to-slope-intercept-neg-int-copy" should be unique, but is authored 2 times.
INFO    :     *            Results will be unpredictable, and likely incorrect.  Information on the locations follows:
INFO    :     *              located within: "Converting Point-Slope to Slope-Intercept" (title)
INFO    :     *              located within: ": " (title)
INFO    :     * PTX:ERROR: the @label value "determine-point-slope-form-from-graph-q1-large-y-precise-copy" should be unique, but is authored 2 times.
INFO    :     *            Results will be unpredictable, and likely incorrect.  Information on the locations follows:
INFO    :     *              located within: "Point-Slope Form from a Graph" (title)
INFO    :     *              located within: ": " (title)
INFO    :     * PTX:ERROR: the @label value "standard-form-plot-positive-integers-copy" should be unique, but is authored 2 times.
INFO    :     *            Results will be unpredictable, and likely incorrect.  Information on the locations follows:
INFO    :     *              located within: "Graphs and Standard Form" (title)
INFO    :     *              located within: ": " (title)
INFO    :     * PTX:ERROR: the @label value "find-intercepts-horizontal-line-copy" should be unique, but is authored 2 times.
INFO    :     *            Results will be unpredictable, and likely incorrect.  Information on the locations follows:
INFO    :     *              located within: "Intercepts" (title)
INFO    :     *              located within: ": " (title)
INFO    :     * PTX:ERROR: the @label value "test-integer-solutions-to-line-equation-copy2" should be unique, but is authored 2 times.
INFO    :     *            Results will be unpredictable, and likely incorrect.  Information on the locations follows:
INFO    :     *              located within: "review-graphing-lines" (xml:id), "Graphing Lines Chapter Review" (title)
INFO    :     *              located within: ": " (title)
INFO    :     * PTX:ERROR: the @label value "write-slope-intercept-form-in-standard-form-copy2" should be unique, but is authored 2 times.
INFO    :     *            Results will be unpredictable, and likely incorrect.  Information on the locations follows:
INFO    :     *              located within: "review-graphing-lines" (xml:id), "Graphing Lines Chapter Review" (title)
INFO    :     *              located within: ": " (title)
